
                    AT Win Technology Co., Ltd.

ATWASM 2.14 [Build 180510.00]  File=C:\Users\USER\Documents\ATW\ATW南翔科技专案资料\九齐相关资料\Demo Code\AT8B62D\RFC Demo Code\RFC Demo Code\RFC Demo Code.asm Date=2018/5/12 17:59:20

    ADDR  OPCODE/VALUE              LINE   TAG  SOURCE                   STATEMENT    

                                    0-0001      ; =========================================================================
                                    0-0002      ; Created by ATW.
                                    0-0003      ; User: VincentLin
                                    0-0004      ; Date: 2017/02/16
                                    0-0005      ; Time: 
                                    0-0006      ; Chip: AT8B062D
                                    0-0007      ; 说明：PA1: RFC Input（R=50K / C=104）
                                    0-0008      ;	PB0: Timer0 Output
                                    0-0009      ;	PB1: Timer2 Ouptut
                                    0-0010      ;	在100MS后，读取RFC的资料，将其值存入Timer2当计数参数。
                                    0-0011      ;	改变电阻，Timer2的计数时间耕著变化。电阻越大，时间越快。
                                    0-0012      ; =========================================================================
                                    0-0013      
                                    0-0014      	#include		AT8B62D.H	
                                    1-0001      ; Chip Register Define
                                    1-0002      ;; Register R
                  0                 1-   3      		INDF		EQU	0x00
                  1                 1-   4      		TMR0		EQU	0x01
                  2                 1-   5      		PCL		EQU	0x02
                                    1-0006      		
                  3                 1-   7      		STATUS		EQU	0x03
                  0                 1-   8      			C_B	= 0
                  1                 1-   9      			DC_B	= 1
                  2                 1-  10      			Z_B	= 2
                  3                 1-  11      			PD_B	= 3
                  4                 1-  12      			TO_B	= 4
                                    1-0013      			
                  6                 1-  14      			BK0_B	= 6
                  7                 1-  15      			BK1_B	= 7
                                    1-0016      			
                  4                 1-  17      		FSR		EQU	0x04
                                    1-0018      			
                  5                 1-  19      		PA		EQU	0x05
                  0                 1-  20      			PA0_B	= 0
                  1                 1-  21      			PA1_B	= 1
                  2                 1-  22      			PA2_B	= 2
                  3                 1-  23      			PA3_B	= 3
                  4                 1-  24      			PA4_B	= 4
                  5                 1-  25      			PA5_B	= 5
                  6                 1-  26      			PA6_B	= 6
                  7                 1-  27      			PA7_B	= 7
                                    1-0028      			
                  6                 1-  29      		PB		EQU	0x06
                  0                 1-  30      			PB0_B	= 0
                  1                 1-  31      			PB1_B	= 1
                  2                 1-  32      			PB2_B	= 2
                  3                 1-  33      			PB3_B	= 3
                  4                 1-  34      			PB4_B	= 4
                  5                 1-  35      			PB5_B	= 5
                  6                 1-  36      			PB6_B	= 6
                  7                 1-  37      			PB7_B	= 7
                                    1-0038      		
                  8                 1-  39      		PCON		EQU	0x08
                  3                 1-  40      			LVREN_B	= 3
                  4                 1-  41      			PHPA5_B	= 4
                  5                 1-  42      			LVDEN_B	= 5
                  7                 1-  43      			WDTEN_B	= 7
                                    1-0044      			
                  9                 1-  45      		BWUCON		EQU	0x09
                                    1-0046      		
                  A                 1-  47      		PCHBUF		EQU	0x0A
                  6                 1-  48      			XSPD_STP_B	= 6
                                    1-0049      			
                  B                 1-  50      		ABPLCON		EQU	0x0B
                  C                 1-  51      		BPHCON		EQU	0x0C
                                    1-0052      		
                  E                 1-  53      		INTE		EQU	0x0E
                  0                 1-  54      			T0IE_B		= 0 
                  1                 1-  55      			PABIE_B		= 1
                  2                 1-  56      			INT0IE_B	= 2
                  3                 1-  57      			T1IE_B		= 3
                  4                 1-  58      			LVDTIE_B	= 4
                  5                 1-  59      			T2IE_B		= 5
                  6                 1-  60      			WDTIE_B		= 6
                  7                 1-  61      			INT1IE_B	= 7
                                    1-0062      			
                  F                 1-  63      		INTF		EQU	0x0f
                  0                 1-  64      			T0IF_B		= 0
                  1                 1-  65      			PABIF_B		= 1
                  2                 1-  66      			INT0IF_B	= 2
                  3                 1-  67      			T1IF_B		= 3
                  4                 1-  68      			LVDTIF_B	= 4
                  5                 1-  69      			T2IF_B		= 5
                  6                 1-  70      			WDTIF_B		= 6
                  7                 1-  71      			INT2IF_B	= 7
                                    1-0072      		
                 10                 1-  73      		ADMD		EQU	0x10
                  0                 1-  74      			CHS0_B		= 0
                  1                 1-  75      			CHS1_B		= 1
                  2                 1-  76      			CHS2_B		= 2
                  3                 1-  77      			CHS3_B		= 3
                  4                 1-  78      			GCHS_B		= 4
                  5                 1-  79      			EOC_B		= 5
                  6                 1-  80      			START_B		= 6
                  7                 1-  81      			ADEN_B		= 7
                                    1-0082      		
                 11                 1-  83      		ADR		EQU	0x11
                  0                 1-  84      			AD0_B		= 0
                  1                 1-  85      			AD1_B		= 1
                  2                 1-  86      			AD2_B		= 2
                  3                 1-  87      			AD3_B		= 3
                  4                 1-  88      			ADCK0_B		= 4
                  5                 1-  89      			ADCK1_B		= 5
                  6                 1-  90      			ADIE_B		= 6
                  7                 1-  91      			ADIF_B		= 7
                                    1-0092      		
                 12                 1-  93      		ADD		EQU	0x12
                                    1-0094      		
                 13                 1-  95      		ADVREFH		EQU	0x13
                  0                 1-  96      			VHS0_B		= 0
                  1                 1-  97      			VHS1_B		= 1
                                    1-0098      			
                  7                 1-  99      			EVHENB_B	= 7
                                    1-0100      		
                 14                 1- 101      		ADCR		EQU	0x14
                  0                 1- 102      			ADCR0_B		= 0
                  1                 1- 103      			ADCR1_B		= 1
                  2                 1- 104      			SHCK0_B		= 2
                  3                 1- 105      			SHCK1_B		= 3
                  4                 1- 106      			PBCON4_B	= 4
                  5                 1- 107      			PBCON4_B	= 5
                  6                 1- 108      			PBCON4_B	= 6
                                    1-0109      		
                 15                 1- 110      		AWUCON		EQU	0x15
                  0                 1- 111      			WUPA0_B		= 0
                  1                 1- 112      			WUPA1_B		= 1
                  2                 1- 113      			WUPA2_B		= 2
                  3                 1- 114      			WUPA3_B		= 3		
                  4                 1- 115      			WUPA4_B		= 4
                  5                 1- 116      			WUPA5_B		= 5
                  6                 1- 117      			WUPA6_B		= 6
                  7                 1- 118      			WUPA7_B		= 7	
                                    1-0119      		
                 16                 1- 120      		PACON		EQU	0x16
                  0                 1- 121      			PACON0_B	= 0
                  1                 1- 122      			PACON1_B	= 1
                  2                 1- 123      			PACON2_B	= 2
                  3                 1- 124      			PACON3_B	= 3
                  4                 1- 125      			PACON4_B	= 4
                  5                 1- 126      			PBCON0_B	= 5
                  6                 1- 127      			PBCON1_B	= 6
                  7                 1- 128      			PBCON2_B	= 7
                                    1-0129      		
                                    1-0130      ;		ADT		EQU	0x17
                                    1-0131      ;			ADT0_B		= 0	
                                    1-0132      ;			ADT1_B		= 1
                                    1-0133      ;			ADT2_B		= 2
                                    1-0134      ;			ADT3_B		= 3
                                    1-0135      ;			ADT4_B		= 4
                                    1-0136      ;			SIGN_B		= 5
                                    1-0137      ;			CALE_B		= 6
                                    1-0138      ;			CALS_B		= 7
                                    1-0139      		
                 18                 1- 140      		INTEDG		EQU	0x18
                  0                 1- 141      			INT0G0_B	= 0
                  1                 1- 142      			INT0G1_B	= 1
                  2                 1- 143      			INT1G0_B	= 2
                  3                 1- 144      			INT1G1_B	= 3
                  4                 1- 145      			EIS0_B		= 4
                  5                 1- 146      			EIS1_B		= 5
                                    1-0147      		
                 19                 1- 148      		TMRH		EQU	0x19
                  0                 1- 149      			PWM1DUTY8_B	= 0
                  1                 1- 150      			PWM1DUTY9_B	= 1
                  2                 1- 151      			PWM2DUTY8_B	= 2
                  3                 1- 152      			PWM2DUTY9_B	= 3
                  4                 1- 153      			TMR18_B		= 4
                  5                 1- 154      			TMR19_B		= 5
                  6                 1- 155      			TMR28_B		= 6
                  7                 1- 156      			TMR29_B		= 7
                                    1-0157      		
                 1A                 1- 158      		ANAEN		EQU	0x1a
                  7                 1- 159      			CMPEN_B		= 7
                                    1-0160      		
                 1B                 1- 161      		RFC		EQU	0x1b
                  0                 1- 162      			PSEL0_B		= 0
                  1                 1- 163      			PSEL1_B		= 1
                  2                 1- 164      			PSEL2_B		= 2
                  3                 1- 165      			PSEL3_B		= 3
                                    1-0166      		
                  7                 1- 167      			RFCEN_B		= 7
                                    1-0168      			
                 1C                 1- 169      		TM3RH		EQU	0x1c
                  0                 1- 170      			PWM3D8_B	= 0
                  1                 1- 171      			PWM3D9_B	= 1
                                    1-0172      			
                  4                 1- 173      			TMR38_B		= 4
                  5                 1- 174      			TMR39_B		= 5
                                    1-0175      		
                 1F                 1- 176      		INTE2		EQU	0x1f
                  0                 1- 177      			T3IE_B		= 0
                                    1-0178      			
                  4                 1- 179      			T3IF_B		= 4
                                    1-0180      
                                    1-0181      ;; T0MD Register
                  0                 1- 182      			PS0SEL0_B	= 0
                  1                 1- 183      			PS0SEL1_B	= 1
                  2                 1- 184      			PS0SEL2_B	= 2
                  3                 1- 185      			PS0WDT_B	= 3
                  4                 1- 186      			T0CE_B		= 4
                  5                 1- 187      			T0CS_B		= 5
                                    1-0188      			
                  7                 1- 189      			LCKTM0_B	= 7	
                                    1-0190      		
                                    1-0191      
                                    1-0192      ;; Register F
                  5                 1- 193      		IOSTA		EQU	0x05
                  6                 1- 194      		IOSTB		EQU	0x06
                  9                 1- 195      		APHCON		EQU	0x09
                                    1-0196      		
                  A                 1- 197      		PS0CV		EQU	0x0a
                  C                 1- 198      		BOBCON		EQU	0x0c
                                    1-0199      		
                  E                 1- 200      		CMPCR		EQU	0x0e
                                    1-0201      		
                  F                 1- 202      		PCON1		EQU	0x0f
                  0                 1- 203      			T0EN_B		= 0
                                    1-0204      			
                  2                 1- 205      			LVDS0_B		= 2
                  3                 1- 206      			LVDS1_B		= 3
                  4                 1- 207      			LVDS2_B		= 4
                                    1-0208      			
                  6                 1- 209      			LVDOUT_B	= 6
                  7                 1- 210      			GIE_B		= 7
                                    1-0211      		
                                    1-0212      ;; Register S
                  0                 1- 213      		TMR1		EQU	0x00
                                    1-0214      		
                  1                 1- 215      		T1CR1		EQU	0x01
                  0                 1- 216      			T1EN_B		= 0
                  1                 1- 217      			T1RL_B		= 1
                  2                 1- 218      			T1OS_B		= 2
                                    1-0219      			
                  6                 1- 220      			PWM1OAL_B	= 6
                  7                 1- 221      			PWM1OEN_B	= 7
                                    1-0222      			
                  2                 1- 223      		T1CR2		EQU	0x02
                  0                 1- 224      			PS1SEL0_B	= 0
                  1                 1- 225      			PS1SEL1_B	= 1
                  2                 1- 226      			PS1SEl2_B	= 2
                  3                 1- 227      			PS1EN_B		= 3
                  4                 1- 228      			T1CE_B		= 4
                  5                 1- 229      			T1CS_B		= 5
                                    1-0230      			
                  3                 1- 231      		PWM1DUTY	EQU	0x03
                  4                 1- 232      		PS1CV		EQU	0x04
                  5                 1- 233      		BZ1CR		EQU	0x05
                  0                 1- 234      			BZ1FSEL0_B	= 0
                  1                 1- 235      			BZ1FSEL1_B	= 1
                  2                 1- 236      			BZ1FSEL2_B	= 2
                  3                 1- 237      			BZ1FSEL3_B	= 3
                                    1-0238      			
                  7                 1- 239      			BZ1EN_B		= 7
                                    1-0240      		
                  6                 1- 241      		IRCR		EQU	0x06
                  0                 1- 242      			IREN_B		= 0
                  1                 1- 243      			IRF57K_B	= 1
                  2                 1- 244      			IRCSEL_B	= 2
                                    1-0245      			
                  7                 1- 246      			IROSC358M_B	= 7
                                    1-0247      			
                  7                 1- 248      		TBHP		EQU	0x07
                  8                 1- 249      		TBHD		EQU	0x08
                                    1-0250      
                  9                 1- 251      		TMR2		EQU	0x09
                                    1-0252      		
                  A                 1- 253      		T2CR1		EQU	0x0A
                  0                 1- 254      			T2EN_B		= 0
                  1                 1- 255      			T2RL_B		= 1
                  2                 1- 256      			T2OS_B		= 2
                                    1-0257      			
                  6                 1- 258      			PWM2OAL_B	= 6
                  7                 1- 259      			PWM2OEN_B	= 7
                                    1-0260      			
                  B                 1- 261      		T2CR2		EQU	0x0B
                  0                 1- 262      			PS2SEL0_B	= 0
                  1                 1- 263      			PS2SEL1_B	= 1
                  2                 1- 264      			PS2SEl2_B	= 2
                  3                 1- 265      			PS2EN_B		= 3
                  4                 1- 266      			T2CE_B		= 4
                  5                 1- 267      			T2CS_B		= 5
                                    1-0268      
                  C                 1- 269      		PWM2DUTY	EQU	0x0C
                  D                 1- 270      		PS2CV		EQU	0x0D
                                    1-0271      		
                  E                 1- 272      		BZ2CR		EQU	0x0E
                  0                 1- 273      			BZ2FSEL0_B	= 0
                  1                 1- 274      			BZ2FSEL1_B	= 1
                  2                 1- 275      			BZ2FSEL2_B	= 2
                  3                 1- 276      			BZ2FSEL3_B	= 3
                                    1-0277      			
                  7                 1- 278      			BZ2EN_B		= 7
                                    1-0279      			
                  F                 1- 280      		OSCCR		EQU	0x0f
                  0                 1- 281      			SELHSC_B	= 0
                  1                 1- 282      			STPHOSC_B	= 1
                  2                 1- 283      			OPMD0_B		= 2
                  3                 1- 284      			OPMD1_B		= 3
                  4                 1- 285      			CMPIE_B		= 4
                  5                 1- 286      			CMPIF_B		= 5
                  6                 1- 287      			CMPOE_B		= 6
                  7                 1- 288      			CMPOUT_B	= 7
                                    1-0289      		
                 10                 1- 290      		TMR3		EQU	0x10
                                    1-0291      		
                 11                 1- 292      		T3CR1		EQU	0x11
                  0                 1- 293      			T3EN_B		= 0
                  1                 1- 294      			T3RL_B		= 1
                  2                 1- 295      			T3OS_B		= 2
                                    1-0296      			
                  6                 1- 297      			PWM3OAL_B	= 6
                  7                 1- 298      			PWM3OEN_B	= 7
                                    1-0299      		
                 12                 1- 300      		T3CR2		EQU	0x12
                  0                 1- 301      			PS3SEL0_B	= 0
                  1                 1- 302      			PS3SEL1_B	= 1
                  2                 1- 303      			PS3SEL2_B	= 2
                  3                 1- 304      			PS3EN_B		= 3
                  4                 1- 305      			T3CE_B		= 4
                  5                 1- 306      			T3CS_B		= 5
                                    1-0307      		
                 13                 1- 308      		PWM3DUTY	EQU	0x13
                                    1-0309      		
                 14                 1- 310      		PS3CV		EQU	0x14
                                    1-0311      		
                 15                 1- 312      		BZ3CR		EQU	0x15
                  0                 1- 313      			BZ3FSEL0_B	= 0
                  1                 1- 314      			BZ3FSEL1_B	= 1
                  2                 1- 315      			BZ3FSEL2_B	= 2
                  3                 1- 316      			BZ3FSEL3_B	= 3
                                    1-0317      			
                  7                 1- 318      			BZ3EN_B		= 7
                                    1-0319      		
                                    1-0320      		
                                    1-0321      	
                                    1-0322      
                  1                 1- 323      		f	= 1
                  1                 1- 324      		R	= 1
                  0                 1- 325      		W	= 0
                  0                 1- 326      		A	= 0
                                    0-0015      		
                                    0-0016      		
                                    0-0017      ;;=========== User Register Define (0x20~0x7F) ================================
                 20                 0-  18      	R_ACC_Buf	EQU		0x20
                 21                 0-  19      	R_Status_Buf	EQU		0x21
                                    0-0020      	
                 22                 0-  21      	R_DelayCount	EQU		0x22
                                    0-0022      	
                 30                 0-  23      	R_RFCLB		EQU		0x30
                 31                 0-  24      	R_RFCHB		EQU		0x31
                 32                 0-  25      	R_RFC_Temp	EQU		0x32
                                    0-0026      	
                 33                 0-  27      	R_Flag0		EQU		0x33
                 34                 0-  28      	R_100ms_Count	EQU		0x34
                 35                 0-  29      	R_1s_Count	EQU		0x35
                                    0-0030      
                                    0-0031      		
                                    0-0032      		
                                    0-0033      
                                    0-0034      ;; Chip Reset Vector
                                    0-0035      ; ===============================================================
                  0                 0-  36      		ORG	0x00
                  0                 0-  37      Reset:
        0 3227                      0-  38     		GOTO	Main_Prog
                                    0-0039      
                                    0-0040      ;; ISR Vector
                  8                 0-  41      		ORG	0x08
                  8                 0-  42      ISR_Prog:
        8 00A0                      0-  43     		MOVAR		R_ACC_Buf		;; 保留 ACC 及 Status 的状态值
        9 15A0                      0-  44     		SWAPR		R_ACC_Buf, R
        A 1503                      0-  45     		SWAPR		STATUS, A
        B 00A1                      0-  46     		MOVAR		R_Status_Buf
                                    0-0047      
        C 0A8F                      0-  48     		BTRSS		INTF, T2IF_B
        D 3212                      0-  49     		GOTO		ISR_Prog100
        E 21DF                      0-  50     		MOVIA		0xDF
        F 008F                      0-  51     		MOVAR		INTF			;; CLR TIMER2 FLAG
       10 2102                      0-  52     		MOVIA		0x02
       11 1286                      0-  53     		XORAR		PB, R
                                    0-0054      
                                    0-0055      
                 12                 0-  56      	ISR_Prog100:		
       12 098F                      0-  57     		BTRSS		INTF, T1IF_B
       13 3217                      0-  58     		GOTO		ISR_Prog200
       14 21F7                      0-  59     		MOVIA		0xF7
       15 008F                      0-  60     		MOVAR		INTF			;; CLR TIMER1 FLAG
       16 05B2                      0-  61     		INCR		R_RFC_Temp, R
                                    0-0062      
                                    0-0063      	
                 17                 0-  64      	ISR_Prog200:
       17 080F                      0-  65     		BTRSS		INTF, T0IF_B
       18 321F                      0-  66     		GOTO		ISR_Prog300
       19 21FE                      0-  67     		MOVIA		0xFE
       1A 008F                      0-  68     		MOVAR		INTF			;; CLR TIMER0 FLAG
       1B 2101                      0-  69     		MOVIA		0x01
       1C 1286                      0-  70     		XORAR		PB, R
       1D 1833                      0-  71     		BSR		R_Flag0, T0IF_B
       1E 05B4                      0-  72     		INCR		R_100ms_Count, R
                                    0-0073      
                 1F                 0-  74      	ISR_Prog300:
       1F 0A1F                      0-  75     		BTRSS		INTE2, T3IF_B
       20 3223                      0-  76     		GOTO		ISR_End
       21 21EF                      0-  77     		MOVIA		0xEF
       22 008F                      0-  78     		MOVAR		INTF			;; CLR TIMER3 FLAG
                                    0-0079      	
                                    0-0080      
                 23                 0-  81      	ISR_End:
       23 1521                      0-  82     		SWAPR		R_Status_Buf, A		;; 取回 ACC	及 Status 的状态值
       24 0083                      0-  83     		MOVAR		STATUS
       25 1520                      0-  84     		SWAPR		R_ACC_Buf, A
       26 0011                      0-  85     		RETIE
                                    0-0086      		
                                    0-0087      		
                                    0-0088      
                                    0-0089      ;; Main Program
                                    0-0090      ;		ORG	0x10
                 27                 0-  91      Main_Prog:
       27 2100                      0-  92     		movia		0x00
       28 0088                      0-  93     		movar		pcon
                                    0-0094      		
       29 286A                      0-  95     		LCALL		F_ClearAllRAM
       2A 2871                      0-  96     		LCALL		F_IOInit
                                    0-0097      		
       2B 2129                      0-  98     		MOVIA		0x29			;; ENABLE T0/T1/T2 Interrupt
       2C 008E                      0-  99     		MOVAR		INTE
                                    0-0100      		
       2D 0004                      0- 101     		ENI					;; Enable Goble Interrupt
                                    0-0102      		
                                    0-0103      
                                    0-0104      
                 2E                 0- 105      Main_Start:
       2E 0002                      0- 106     		CLRWDT
                                    0-0107      
       2F 0833                      0- 108     		BTRSS		R_Flag0, T0IF_B
       30 382F                      0- 109     		LGOTO		$-1
                                    0-0110      		
       31 1C33                      0- 111     		BCR		R_Flag0, T0IF_B
       32 2164                      0- 112     		MOVIA		100
       33 0434                      0- 113     		SUBAR		R_100ms_Count, A
       34 0803                      0- 114     		BTRSS		STATUS, C_B
       35 382E                      0- 115     		LGOTO		Main_Start
                                    0-0116      		
       36 02B4                      0- 117     		CLRR		R_100ms_COunt
                                    0-0118      
       37 2839                      0- 119     		LCALL		F_RFC
       38 382E                      0- 120     		LGOTO		Main_Start
                                    0-0121      		
                                    0-0122      
                                    0-0123      
                 39                 0- 124      F_RFC:
                                    0-0125      ;; RFC 设定
                                    0-0126      	; set RFC Pin	
       39 2101                      0- 127     		MOVIA		B'00000001'		;; Set PA.1 is RFC pin
       3A 009B                      0- 128     		MOVAR		RFC
                                    0-0129      	
                                    0-0130      	; Set RFC Pin is Low	
       3B 0015                      0- 131     		IOSTR		IOSTA			;; Set RFC Pin is Output Low
       3C 227D                      0- 132     		ANDIA		B'1111101'
       3D 0005                      0- 133     		IOST		IOSTA		
       3E 1C85                      0- 134     		BCR		PA, 1
                                    0-0135      
                                    0-0136      	; Delay for Wait PA1 is Low			;; Wait Capacitive discharge
       3F 17A2                      0- 137     		DECRSZ		R_DelayCount, R
       40 383F                      0- 138     		LGOTO		$-1
                                    0-0139      						
       41 0C85                      0- 140     		BTRSC		PA, 1
       42 3841                      0- 141     		LGOTO		$-1
                                    0-0142      		
                                    0-0143      	;; Disable Timer1	
       43 2100                      0- 144     		MOVIA		0x00
       44 0041                      0- 145     		SFUN		T1CR1			;; Disable Timer1
       45 21F7                      0- 146     		MOVIA		0xF7
       46 008F                      0- 147     		MOVAR		INTF			;; Clr Timer1 Flag
                                    0-0148      
                                    0-0149      	;; Set Timer1 Prescaler=1:2
       47 2100                      0- 150     		MOVIA		0x00
       48 0042                      0- 151     		SFUN		T1CR2			;; P1SEl(B2:B0) = 1:2 = 000 
                                    0-0152      
                                    0-0153      	;clear tiemr1 counter (Timer1=0x3ff)
       49 02B2                      0- 154     		CLRR		R_RFC_Temp
       4A 2130                      0- 155     		MOVIA		0x30			;; Timer1 Data Byte [9:8]
       4B 1119                      0- 156     		IORAR		TMRH, A
       4C 0099                      0- 157     		MOVAR		TMRH
       4D 21FF                      0- 158     		MOVIA		0xff			;; Timer1 Data Byte Data[7:0]
       4E 0040                      0- 159     		SFUN		TMR1
                                    0-0160      
                                    0-0161      	; Clear RFC Register
       4F 02B0                      0- 162     		CLRR		R_RFCLB
       50 02B1                      0- 163     		CLRR		R_RFCHB
       51 02B2                      0- 164     		CLRR		R_RFC_Temp
                                    0-0165      
                                    0-0166      	;; Enable RFC Function
       52 1B9B                      0- 167     		BSR		RFC, RFCEN_B		;; Enable RFC
                                    0-0168      
                                    0-0169      	; Set RFC Pin is Input
       53 0015                      0- 170     		IOSTR		IOSTA			;; Set RFC Pin is Input
       54 2302                      0- 171     		IORIA		B'00000010'
       55 0005                      0- 172     		IOST		IOSTA
                                    0-0173      	
                 56                 0- 174      	loop:
       56 0002                      0- 175     		CLRWDT
       57 0885                      0- 176     		BTRSS		PA, 1
       58 3856                      0- 177     		LGOTO		loop
                                    0-0178      
                                    0-0179      	;; Disable RFC Funtion	
       59 1F9B                      0- 180     		BCR		RFC, RFCEN_B		;; Disable RFC
                                    0-0181      	
       5A 0060                      0- 182     		SFUNR		TMR1
       5B 00B0                      0- 183     		MOVAR		R_RFCLB
       5C 02B1                      0- 184     		CLRR		R_RFCHB
       5D 0E19                      0- 185     		BTRSC		TMRH, TMR18_B
       5E 1B31                      0- 186     		BSR		R_RFCHB, TMR28_B
       5F 0E99                      0- 187     		BTRSC		TMRH, TMR19_B
       60 1BB1                      0- 188     		BSR		R_RFCHB, TMR29_B
                                    0-0189      		
                                    0-0190      		
       61 2100                      0- 191     		MOVIA		0x00			;; TIMER1(B0):1:EN/0:Dis, AUTO ReLoad(B1):1:En/0:Dis, PWM1OAL(b6):1:PWM1 Out Low / 0: PWM1 Our Hi, PWM1oEN(B7):1:P3 is PWM1 Out / 0:P3 is GPIO
       62 004A                      0- 192     		SFUN		T2CR1		
       63 0131                      0- 193     		MOVR		R_RFCHB, A
       64 0099                      0- 194     		MOVAR		TMRH
       65 0130                      0- 195     		MOVR		R_RFCLB, A
       66 0049                      0- 196     		SFUN		TMR2
       67 2103                      0- 197     		MOVIA		0x03			;; TIMER1(B0):1:EN/0:Dis, AUTO ReLoad(B1):1:En/0:Dis, PWM1OAL(b6):1:PWM1 Out Low / 0: PWM1 Our Hi, PWM1oEN(B7):1:P3 is PWM1 Out / 0:P3 is GPIO
       68 004A                      0- 198     		SFUN		T2CR1
                                    0-0199      
       69 0010                      0- 200     		RET
                                    0-0201      
                                    0-0202      ;==================================================================
                                    0-0203      ; Project Name:	清零全部RAM
                                    0-0204      ; Last Modify Date:2010-11-9 16:12
                                    0-0205      ;
                                    0-0206      ;;Clear	RAM 0x20~0x3f
                 6A                 0- 207      F_ClearAllRAM:
                                    0-0208      	;Bank0	
       6A 2120                      0- 209     		MOVIA		0x20				;; 切换到 RAM Bank0
       6B 0084                      0- 210     		MOVAR		FSR
                 6C                 0- 211      	L_Clear_Next_Byte_Bank0:
       6C 0280                      0- 212     		CLRR		INDF				;; 清除该地址资料
       6D 0584                      0- 213     		INCR		FSR, R				;; 累加间接地址
       6E 0B84                      0- 214     		BTRSS		FSR, 7
       6F 326C                      0- 215     		GOTO		L_Clear_Next_Byte_Bank0		;; 否，跳跃
                                    0-0216      		
       70 0010                      0- 217     		RET
                                    0-0218      
                                    0-0219      
                                    0-0220      ;====================================================================
                                    0-0221      ; Project Name: IO 初始化
                                    0-0222      ; Madify Data: 2014.12.11
                                    0-0223      ;
                 71                 0- 224      F_IOInit:
       71 21FF                      0- 225     		MOVIA		0xff
       72 0085                      0- 226     		MOVAR		PA
       73 0086                      0- 227     		MOVAR		PB				;; 初始值
                                    0-0228      		
       74 2100                      0- 229     		MOVIA		00000000
       75 0005                      0- 230     		IOST		PA
       76 0006                      0- 231     		IOST		PB				;; 设定为IO状态	0=Output,  1=Input
                                    0-0232      		
       77 2180                      0- 233     		MOVIA		0x80				;; 设定为 WDT(B7)=1:EN/0:DIS, LVDEN(B5)=1:EN/0:DIS, LVREN(B3)=1:EN/0:DIS
       78 0088                      0- 234     		MOVAR		PCON
                                    0-0235      
                                    0-0236      ;====================================================================
                                    0-0237      ; Project Name: Time0 初始化
                                    0-0238      ; Madify Data: 2014.12.11
                                    0-0239      ; T=（1/intruction clk)*分频*TMR0
                                    0-0240      ;  = ((1/4MHz)*4)*4*256(00H)
                                    0-0241      ;  = 1.024ms
                 79                 0- 242      F_Timer0Set:
       79 21FE                      0- 243     		MOVIA		0xFE
       7A 008F                      0- 244     		MOVAR		INTF			;; Clr Timer0 Flag
       7B 2101                      0- 245     		MOVIA		00000001
       7C 0003                      0- 246     		T0MD	
       7D 2100                      0- 247     		MOVIA		0x00
       7E 0081                      0- 248     		MOVAR		TMR0
                                    0-0249      
                                    0-0250      	
                                    0-0251      ;====================================================================
                                    0-0252      ; Project Name: Time1 初始化
                                    0-0253      ; Madify Data: 2014.12.11
                                    0-0254      ; T=（1/intruction clk)*分频*(TMR[9:8]:TMR1[7:0])
                                    0-0255      ;  = ((1/4MHz)*4)*2*0ffh
                                    0-0256      ;  = 510us
                                    0-0257      ;		MOVIA		00000000
                                    0-0258      ;		SFUN		T1CR1			;; Disale Timer1
                                    0-0259      ;		
                                    0-0260      ;		MOVIA		0xF7
                                    0-0261      ;		MOVAR		INTF			;; Clr Timer1 Flag
                                    0-0262      ;
                                    0-0263      ;	
                                    0-0264      ;		BCR		TMRH, TMR18_B		;; Timer1 Data Bit[8]
                                    0-0265      ;		BCR		TMRH, TMR19_B		;; Timer1 Data Bit[9]
                                    0-0266      ;		MOVIA		0x00			;; Timer1 Data Byte Data[7:0]
                                    0-0267      ;		SFUN		TMR1
                                    0-0268      ;
                                    0-0269      ;
                                    0-0270      ;		MOVIA		0x00
                                    0-0271      ;		SFUN		T1CR2			;; P1SEl(B2:B0), PS1EN(B3):0(EN)/1(Dis), T1CE(B4):0:Low->Hi/1:hi->Low, T1CS(B5):0:Instruction CLK/1:Ext CLK
                                    0-0272      ;		MOVIA		0x00			;; TIMER1(B0):1:EN/0:Dis, AUTO ReLoad(B1):1:En/0:Dis, PWM1OAL(b6):1:PWM1 Out Low / 0: PWM1 Our Hi, PWM1oEN(B7):1:P3 is PWM1 Out / 0:P3 is GPIO
                                    0-0273      ;		SFUN		T1CR1
                                    0-0274      
                                    0-0275      ;====================================================================
                                    0-0276      ; Project Name: Time2 初始化
                                    0-0277      ; Madify Data: 2014.12.11
                                    0-0278      ; T=（1/intruction clk)*分频*(TMR[9:8]:TMR1[7:0])
                                    0-0279      ;  = ((1/4MHz)*4)*2*0ffh
                                    0-0280      ;  = 510us
       7F 2100                      0- 281     		MOVIA		00000000
       80 004A                      0- 282     		SFUN		T2CR1			;; Disale Timer1
                                    0-0283      		
       81 21DF                      0- 284     		MOVIA		0xDF
       82 008F                      0- 285     		MOVAR		INTF			;; Clr Timer1 Flag
                                    0-0286      
                                    0-0287      
       83 1F19                      0- 288     		BCR		TMRH, TMR28_B
       84 2100                      0- 289     		MOVIA		0x00			;; Timer1 Data Byte Data[7:0]
       85 0049                      0- 290     		SFUN		TMR2
       86 1F99                      0- 291     		BCR		TMRH, TMR29_B
       87 2100                      0- 292     		MOVIA		0x00
       88 0049                      0- 293     		SFUN		TMR2
                                    0-0294      
                                    0-0295      
       89 2100                      0- 296     		MOVIA		0x00
       8A 004B                      0- 297     		SFUN		T2CR2			;; P1SEl(B2:B0), PS1EN(B3):0(EN)/1(Dis), T1CE(B4):0:Low->Hi/1:hi->Low, T1CS(B5):0:Instruction CLK/1:Ext CLK
       8B 2100                      0- 298     		MOVIA		0x00			;; TIMER1(B0):1:EN/0:Dis, AUTO ReLoad(B1):1:En/0:Dis, PWM1OAL(b6):1:PWM1 Out Low / 0: PWM1 Our Hi, PWM1oEN(B7):1:P3 is PWM1 Out / 0:P3 is GPIO
       8C 004A                      0- 299     		SFUN		T2CR1
                                    0-0300      
       8D 0010                      0- 301     		RET
                                    0-0302      
                                    0-0303      		
                                    0-0304      		end

ATWASM 2.14 [Build 180510.00]  File=C:\Users\USER\Documents\ATW\ATW南翔科技专案资料\九齐相关资料\Demo Code\AT8B62D\RFC Demo Code\RFC Demo Code\RFC Demo Code.asm Date=2018/5/12 17:59:20

SYMBOL TABLE            TYPE     VALUE

__8B062D                Constant 00000001
__PROCESSOR__           Constant 00008012
A                       Variable 00000000
ABPLCON                 Constant 0000000B
AD0_B                   Variable 00000000
AD1_B                   Variable 00000001
AD2_B                   Variable 00000002
AD3_B                   Variable 00000003
ADCK0_B                 Variable 00000004
ADCK1_B                 Variable 00000005
ADCR                    Constant 00000014
ADCR0_B                 Variable 00000000
ADCR1_B                 Variable 00000001
ADD                     Constant 00000012
ADEN_B                  Variable 00000007
ADIE_B                  Variable 00000006
ADIF_B                  Variable 00000007
ADMD                    Constant 00000010
ADR                     Constant 00000011
ADVREFH                 Constant 00000013
ANAEN                   Constant 0000001A
APHCON                  Constant 00000009
AWUCON                  Constant 00000015
BK0_B                   Variable 00000006
BK1_B                   Variable 00000007
BOBCON                  Constant 0000000C
BPHCON                  Constant 0000000C
BWUCON                  Constant 00000009
BZ1CR                   Constant 00000005
BZ1EN_B                 Variable 00000007
BZ1FSEL0_B              Variable 00000000
BZ1FSEL1_B              Variable 00000001
BZ1FSEL2_B              Variable 00000002
BZ1FSEL3_B              Variable 00000003
BZ2CR                   Constant 0000000E
BZ2EN_B                 Variable 00000007
BZ2FSEL0_B              Variable 00000000
BZ2FSEL1_B              Variable 00000001
BZ2FSEL2_B              Variable 00000002
BZ2FSEL3_B              Variable 00000003
BZ3CR                   Constant 00000015
BZ3EN_B                 Variable 00000007
BZ3FSEL0_B              Variable 00000000
BZ3FSEL1_B              Variable 00000001
BZ3FSEL2_B              Variable 00000002
BZ3FSEL3_B              Variable 00000003
C_B                     Variable 00000000
CHS0_B                  Variable 00000000
CHS1_B                  Variable 00000001
CHS2_B                  Variable 00000002
CHS3_B                  Variable 00000003
CMPCR                   Constant 0000000E
CMPEN_B                 Variable 00000007
CMPIE_B                 Variable 00000004
CMPIF_B                 Variable 00000005
CMPOE_B                 Variable 00000006
CMPOUT_B                Variable 00000007
DC_B                    Variable 00000001
EIS0_B                  Variable 00000004
EIS1_B                  Variable 00000005
EOC_B                   Variable 00000005
EVHENB_B                Variable 00000007
F                       Variable 00000001
F_CLEARALLRAM           Label    0000006A
F_IOINIT                Label    00000071
F_RFC                   Label    00000039
F_TIMER0SET             Label    00000079
FSR                     Constant 00000004
GCHS_B                  Variable 00000004
GIE_B                   Variable 00000007
INDF                    Constant 00000000
INT0G0_B                Variable 00000000
INT0G1_B                Variable 00000001
INT0IE_B                Variable 00000002
INT0IF_B                Variable 00000002
INT1G0_B                Variable 00000002
INT1G1_B                Variable 00000003
INT1IE_B                Variable 00000007
INT2IF_B                Variable 00000007
INTE                    Constant 0000000E
INTE2                   Constant 0000001F
INTEDG                  Constant 00000018
INTF                    Constant 0000000F
IOSTA                   Constant 00000005
IOSTB                   Constant 00000006
IRCR                    Constant 00000006
IRCSEL_B                Variable 00000002
IREN_B                  Variable 00000000
IRF57K_B                Variable 00000001
IROSC358M_B             Variable 00000007
ISR_END                 Label    00000023
ISR_PROG                Label    00000008
ISR_PROG100             Label    00000012
ISR_PROG200             Label    00000017
ISR_PROG300             Label    0000001F
L_CLEAR_NEXT_BYTE_BANK0 Label    0000006C
LCKTM0_B                Variable 00000007
LOOP                    Label    00000056
LVDEN_B                 Variable 00000005
LVDOUT_B                Variable 00000006
LVDS0_B                 Variable 00000002
LVDS1_B                 Variable 00000003
LVDS2_B                 Variable 00000004
LVDTIE_B                Variable 00000004
LVDTIF_B                Variable 00000004
LVREN_B                 Variable 00000003
MAIN_PROG               Label    00000027
MAIN_START              Label    0000002E
OPMD0_B                 Variable 00000002
OPMD1_B                 Variable 00000003
OSCCR                   Constant 0000000F
PA                      Constant 00000005
PA0_B                   Variable 00000000
PA1_B                   Variable 00000001
PA2_B                   Variable 00000002
PA3_B                   Variable 00000003
PA4_B                   Variable 00000004
PA5_B                   Variable 00000005
PA6_B                   Variable 00000006
PA7_B                   Variable 00000007
PABIE_B                 Variable 00000001
PABIF_B                 Variable 00000001
PACON                   Constant 00000016
PACON0_B                Variable 00000000
PACON1_B                Variable 00000001
PACON2_B                Variable 00000002
PACON3_B                Variable 00000003
PACON4_B                Variable 00000004
PB                      Constant 00000006
PB0_B                   Variable 00000000
PB1_B                   Variable 00000001
PB2_B                   Variable 00000002
PB3_B                   Variable 00000003
PB4_B                   Variable 00000004
PB5_B                   Variable 00000005
PB6_B                   Variable 00000006
PB7_B                   Variable 00000007
PBCON0_B                Variable 00000005
PBCON1_B                Variable 00000006
PBCON2_B                Variable 00000007
PBCON4_B                Variable 00000006
PCHBUF                  Constant 0000000A
PCL                     Constant 00000002
PCON                    Constant 00000008
PCON1                   Constant 0000000F
PD_B                    Variable 00000003
PHPA5_B                 Variable 00000004
PS0CV                   Constant 0000000A
PS0SEL0_B               Variable 00000000
PS0SEL1_B               Variable 00000001
PS0SEL2_B               Variable 00000002
PS0WDT_B                Variable 00000003
PS1CV                   Constant 00000004
PS1EN_B                 Variable 00000003
PS1SEL0_B               Variable 00000000
PS1SEL1_B               Variable 00000001
PS1SEL2_B               Variable 00000002
PS2CV                   Constant 0000000D
PS2EN_B                 Variable 00000003
PS2SEL0_B               Variable 00000000
PS2SEL1_B               Variable 00000001
PS2SEL2_B               Variable 00000002
PS3CV                   Constant 00000014
PS3EN_B                 Variable 00000003
PS3SEL0_B               Variable 00000000
PS3SEL1_B               Variable 00000001
PS3SEL2_B               Variable 00000002
PSEL0_B                 Variable 00000000
PSEL1_B                 Variable 00000001
PSEL2_B                 Variable 00000002
PSEL3_B                 Variable 00000003
PWM1DUTY                Constant 00000003
PWM1DUTY8_B             Variable 00000000
PWM1DUTY9_B             Variable 00000001
PWM1OAL_B               Variable 00000006
PWM1OEN_B               Variable 00000007
PWM2DUTY                Constant 0000000C
PWM2DUTY8_B             Variable 00000002
PWM2DUTY9_B             Variable 00000003
PWM2OAL_B               Variable 00000006
PWM2OEN_B               Variable 00000007
PWM3D8_B                Variable 00000000
PWM3D9_B                Variable 00000001
PWM3DUTY                Constant 00000013
PWM3OAL_B               Variable 00000006
PWM3OEN_B               Variable 00000007
R                       Variable 00000001
R_100MS_COUNT           Constant 00000034
R_1S_COUNT              Constant 00000035
R_ACC_BUF               Constant 00000020
R_DELAYCOUNT            Constant 00000022
R_FLAG0                 Constant 00000033
R_RFC_TEMP              Constant 00000032
R_RFCHB                 Constant 00000031
R_RFCLB                 Constant 00000030
R_STATUS_BUF            Constant 00000021
RESET                   Label    00000000
RFC                     Constant 0000001B
RFCEN_B                 Variable 00000007
SELHSC_B                Variable 00000000
SHCK0_B                 Variable 00000002
SHCK1_B                 Variable 00000003
START_B                 Variable 00000006
STATUS                  Constant 00000003
STPHOSC_B               Variable 00000001
T0CE_B                  Variable 00000004
T0CS_B                  Variable 00000005
T0EN_B                  Variable 00000000
T0IE_B                  Variable 00000000
T0IF_B                  Variable 00000000
T1CE_B                  Variable 00000004
T1CR1                   Constant 00000001
T1CR2                   Constant 00000002
T1CS_B                  Variable 00000005
T1EN_B                  Variable 00000000
T1IE_B                  Variable 00000003
T1IF_B                  Variable 00000003
T1OS_B                  Variable 00000002
T1RL_B                  Variable 00000001
T2CE_B                  Variable 00000004
T2CR1                   Constant 0000000A
T2CR2                   Constant 0000000B
T2CS_B                  Variable 00000005
T2EN_B                  Variable 00000000
T2IE_B                  Variable 00000005
T2IF_B                  Variable 00000005
T2OS_B                  Variable 00000002
T2RL_B                  Variable 00000001
T3CE_B                  Variable 00000004
T3CR1                   Constant 00000011
T3CR2                   Constant 00000012
T3CS_B                  Variable 00000005
T3EN_B                  Variable 00000000
T3IE_B                  Variable 00000000
T3IF_B                  Variable 00000004
T3OS_B                  Variable 00000002
T3RL_B                  Variable 00000001
TBHD                    Constant 00000008
TBHP                    Constant 00000007
TM3RH                   Constant 0000001C
TMR0                    Constant 00000001
TMR1                    Constant 00000000
TMR18_B                 Variable 00000004
TMR19_B                 Variable 00000005
TMR2                    Constant 00000009
TMR28_B                 Variable 00000006
TMR29_B                 Variable 00000007
TMR3                    Constant 00000010
TMR38_B                 Variable 00000004
TMR39_B                 Variable 00000005
TMRH                    Constant 00000019
TO_B                    Variable 00000004
VHS0_B                  Variable 00000000
VHS1_B                  Variable 00000001
W                       Variable 00000000
WDTEN_B                 Variable 00000007
WDTIE_B                 Variable 00000006
WDTIF_B                 Variable 00000006
WUPA0_B                 Variable 00000000
WUPA1_B                 Variable 00000001
WUPA2_B                 Variable 00000002
WUPA3_B                 Variable 00000003
WUPA4_B                 Variable 00000004
WUPA5_B                 Variable 00000005
WUPA6_B                 Variable 00000006
WUPA7_B                 Variable 00000007
XSPD_STP_B              Variable 00000006
Z_B                     Variable 00000002


SOURCE FILE TABLE
000 C:\Users\USER\Documents\ATW\ATW南翔科技专案资料\九齐相关资料\Demo Code\AT8B62D\RFC Demo Code\RFC Demo Code\RFC Demo Code.asm
001 C:\Users\USER\Documents\ATW\ATW南翔科技专案资料\九齐相关资料\Demo Code\AT8B62D\RFC Demo Code\RFC Demo Code\AT8B62D.H

PROCESSOR    = AT8B62D (8 bits) 
PROGRAM ROM  = 0x00000000 - 0x000007FF
DATA ROM     = 0x00000000 - 0x000007FF
SRAM / SFR   = 0x00000000 - 0x00000000
